http://35nam.hufi.edu.vn
http://biotech.hufi.edu.vn
http://cep.hufi.edu.vn
http://cfl.hufi.edu.vn
http://cheme.hufi.edu.vn
http://cqm.hufi.edu.vn
http://danguy.hufi.edu.vn
http://daotao.hufi.edu.vn
http://doanthanhnien.hufi.edu.vn
http://docsv.hufi.edu.vn
http://dpasa.hufi.edu.vn
http://eee.hufi.edu.vn
http://egov.hufi.edu.vn
http://en.hufi.edu.vn
http://environment.hufi.edu.vn
http://faf.hufi.edu.vn
http://fbat.hufi.edu.vn
http://fgs.hufi.edu.vn
http://fgtfdf.hufi.edu.vn
http://fit.hufi.edu.vn
http://fmt.hufi.edu.vn
http://fof.hufi.edu.vn
http://foodtech.hufi.edu.vn
http://fp.hufi.edu.vn
http://gvta.hufi.edu.vn
http://hufi.edu.vn
http://iict.hufi.edu.vn
http://its.hufi.edu.vn
http://jstf.hufi.edu.vn
http://khdd.hufi.edu.vn
http://khtc.hufi.edu.vn
http://knn.hufi.edu.vn
http://mail.hufi.edu.vn
http://scip.hufi.edu.vn
http://sinhvien.hufi.edu.vn
http://sinhvien.hufi.vn
http://sinhvientn.hufi.edu.vn
http://thuvien.hufi.edu.vn
http://thuvien.hufi.vn
http://tourism.hufi.edu.vn
http://training.hufi.edu.vn
http://ttgiaoducphothong.hufi.edu.vn
http://tuyensinh.hufi.edu.vn
http://tuyensinh.hufi.vn
http://vieclam.hufi.edu.vn
http://vn.hufi.edu.vn
http://www.hufi.edu.vn
