0-night.club
0.edu.vn
001.vn
010.vn
0123.vn
03h07.com
0473009119.com
0511.vn
0700inverters.xyz
0873009119.com
0888247247.com
0888247247.net
0888881975.com
088vinaphone.com
0901262626.com
0901262626.net
0901357070.com
0908791639.com
0909292929.com
0909999999.com
0919291972.com
0933990239.com
0943217676.com
0967777777.com
0968708666.com
0989828282.com
0989999999.com
0ne18ngoclam.com
1-usd.com
1-verandah.com
1.edu.vn
10.edu.vn
1000robotforex.com
1001sanpham.com
100do.vn
100eggmudbath.com
100eggmudbath.vn
100eggspark.com
100mgdoxycyclineonline.net
101.com.vn
107beer.com
108.com.vn
108shop.net
10rong.com
111.11-static.reverse.123vietnam.vn
113.com.vn
115tv.net
119thaithinh.com
11bet.vn
120phohue.com
123-dzo.com
123-profile.com
123aloshop.com
123banquyenphanmem.com
123banquyenphanmem.com.vn
123batdongsan.com
123bay.vn
123buy.vn
123chon.com
123cungbay.net
123datmon.com
123gaosach.com
123giao.vn
123host.com.vn
123khuyenmai.vn
123lamdep.com
123like.net
123muanha.com
123muanha.com.vn
123muanha.vn
123news.vn
123nha.net
123nhadat.com.vn
123smiletravel.com
123software.com.vn
123software.vn
123tour.vn
123uong.com
123vemaybay.com
123vietnam.vn
123zzoo.com
12a10.com
12a9.net
12ayenmy9497.com
12bet.vn
12betviet.com.vn
12d2.net
12fruitsfarmsbusiness.xyz
12h.online
12thanhlinh.com
12viet.com.vn
135s.vn
1368.com.vn
1368edu.com
141.com.vn
150trieu.com
152dienbienphu.info
1618.vn
1618wine.com
16plushare.com
174laclongquan.vn
176dinhcongcomplex.com
18.com.vn
1818.com.vn
188asia.com.vn
188bet.pro
188bet.vn
18k.vn
18tinfo.com
190.net.vn
19006485.com
1915indochine.com
1942qt.com
1978.vn
198a.xyz
1992watches.com
1bay.com.vn
1bay.vn
1caphe.com
1data.vn
1dola.net
1dung.com
1forman.com
1forman.net
1formen.com
1formen.net
1game.com.vn
1group.vn
1home.vn
1hotel.com.vn
1kiem.club
1mart.vn
1mypham.com
1ngaymoi.com.vn
1ngaymoi.vn
1paycode.com
1paycode.net
1paycode.vn
1payqr.com
1payqr.net
1phone.net
1phut30giay.com
1sec.vn
1stopcall.com
1thich.com
1top.com.vn
1verandah.com
1vinfast.com
1vinfast.net
1vn.org
1xbet.vn
2-good.net
2.com.vn
2151risaikuru.com
220von.com
229shop.com
239park.com
23go.vn
23h.online
24-7.com.vn
247and247.com
247and247.net
247mart.com.vn
247on247.com
247on247.net
247post.com.vn
247quynhon.com
247tren247.com
247va247.com
247va247.net
247vietnam.co
247vietnam.net
247x247.com
247x247.net
24group.vn
24h-doanhnhan24h.com
24hand365.com
24hand365.net
24hbay.vn
24hbds.net
24hconnect.com
24hcorp.com
24hgroup.com.vn
24hgroup.org
24hmuagi.com
24hon24h.com
24hon24h.net
24honline.vn
24hpost.net
24hquangcao.net
24hshop.vn
24hsongxanh.com
24hthongtin.net
24htren24h.com
24hva24h.com
24hvietnamvisa.com
24hx24h.com
24hx24h.net
24on365.com
24on365.net
24tren24.com
24tren365.com
25vungocphan.info
26.com.vn
2banh4banh.com
2banh4banh.com.vn
2banh4banh.net
2bum.net
2dep.com.vn
2dstore.com
2el.info
2gate.vn
2good.vn
2henshop.com
2hi.vn
2lshop.com
2mauxanh.com
2nhadat.net
2nit.org
2pcom.com
2petshop.com
2pxmob.com
2pxmob.com.vn
2saigon.com.vn
2saigon.net
2shome.net
2shopping247.com
2tstore.net
2x2plus.com
2yc.vn
2you.vn
3.com.vn
304hotungmau.net
3131.vn
32red.vn
35nam.hufi.edu.vn
360appvn.com
360authentics.com
360dating.net
365and365.com
365auto.com.vn
365auto.vn
365cams.xyz
365didong.com
365didong.vn
365giau.com
365happyflower.top
365mobile.com.vn
365ngay.com.vn
365on365.com
365pips.com
36pho.com
378minhkhaigreenpearl.com
39watch.com
3cm.vn
3conmeo.com
3contho.com
3convit.com
3ctelecom.com
3d-sg.com
3dcafeso1.com
3dcard.info
3dfloorvietnam.com
3dgraphic.org
3dhome.biz
3dplus.vn
3dpluscinema.com
3dprinting.com.vn
3dsoikhoang.com
3dthuvien.com
3dv.vn
3dvirtualstaging.com
3dvn.vn
3fviet.com
3fvietfarm.com
3fvietfeed.com
3fvietfood.com
3g-4g-viettel.com
3g.laysodienthoai.org
3gmobifone.net.vn
3ittb.com
3kem.com
3khome.vn
3kshop.com.vn
3mautofilm-vn.com
3mautofilmvietnam.com
3mfilm-vn.com
3mfilmvietnam.com
3mien.info
3mvietnam.vn
3ngon.com
3nhat.com
3nss.net
3nv.vn
3phat.com
3serp.com.vn
3serp.vn
3si.com.vn
3thub.xyz
3tomega.net
3tomega.org
3trieu.com
3tzone.com
41d2.com.vn
442footballshop.com
47nguyentuan.com.vn
48h.ryo.vn
48videos.com
4autolight.com
4banh.info
4care.asia
4cdecor.net
4dummies.info
4free.vn
4giay.vn
4gwifi.vn
4m-consultants.com
4nz.top
4ptfood.com
4sistershostel.com
4slinhdong.com.vn
4slinhdong.org
4tv.com.vn
4ulife.vn
4unailsspa.com
4vuong.com
500ae.net
50ngan.com
50phut.edu.vn
50truongtotnhatnam.vn
50truongtotnhatvietnam.vn
511.vn
51deal.vn
54traditions.com.vn
5anhem.com
5barz.net
5cho.vn
5cua.com
5dclinic.com
5giay.com.vn
5gviettel.com
5hoc.com
5klq.com
5mart.com.vn
5mart.vn
5phut1ngay.com
5rebounder.com
5s-pace.com
5s.com.vn
5trippy.com
5win.com.vn
5xu.com.vn
6.edu.vn
668vietmy.net
6789.vn
67haphuquoc.com
686.com.vn
686mart.com
6969.com.vn
69media.net
6sao.com.vn
6th-elemenst.com
6toys.vn
6trieu.com
703705.xyz
7777.com.vn
7777forklift.com
77unlock.com
79.com.vn
7bua.net
7chulun.com
7chulun.net
7daysmart.vn
7mau.vn
8.edu.vn
8668.vn
8686.vn
87linhnam.org
88247247.com
88247247.net
888abet.com
888b.bet
888mua.com
888vpp.com
88central.vn
88thevillas.com
8aladdin.com
8gwifi.com
8mua.vn
8showbiz.com.vn
8showbiz.net
8showbiz.vn
8tstore.com
8x88.vn
8xboutique.com.vn
8xthaian.net
9-1.cable.simgiatot.net
9.edu.vn
90min.com.vn
90nguyentuan.com
911.vn
9119.vn
92ers.biz
95lamsonhotel.com
97langha.com
99.com.vn
99buyonline.com
99langha.com
9action.vn
9anda.net
9couple.info
9giay.vn
9house.asia
9viewapartment.com
9vn.biz
9web.com.vn
SaigonIT.com.vn
a-au.com.vn
a-techco.net
a.edu.vn
a1.com.vn
a17-250-248-101.123vietnam.vn
a1k29.com
a23software.top
a25.vn
a2h.vn
a2zcam.com
a91jeans.com
a9bachmai.com
aaanippers.com
aafc.com.vn
aahcorporation.net
aahcorporation.vn
aaronramsey.net
aauco.com.vn
aaupost.com.vn
aazz247.com
abacsy.com
abacusmaster.vn
abc.edu.vn
abc.net.vn
abcgift.vn
abcomputersolution.xyz
abctransport.online
abcxyz.asia
aberich.net
aberich.vn
abetran.com
abetran.net
abg.com.vn
abhp.info
abhp.org
abhp.vn
abhpradio.org
abiabo.com
abinsports.com
abivin.com.vn
abivin.vn
ablerex.vn
abnhatrang.info
abofat.com
abota.net
abotashop.com
about.proview.vn
aboutvietnamtour.com
abphonakvn.com
abpline.vn
abrasives.vn
abscert.com
absinthe.vn
absoftvn.com
abv.vn
ac-setsubi.com
acacia.com.vn
academyhcm.com
academyhcm.online
academyhcm.xyz
acahoma.com
acaphe.vn
acasa.top
acb.online.com.vn
acbcomputer.com.vn
accaglobal.net.vn
accavietnam.com
accavietnam.org
accavietnam.vn
accbva.com
accentdigitalresources.xyz
acclear.com
acclienminhgiare.vn
accorhotel-group.com
accorhotelgroup.com
accountingcompany.info
accountingfirm.top
accu-chek.vn
accuchek.com.vn
accuchek.vn
acdc.org.vn
ace-audiosystems.com
acecom.com.vn
acecom.vn
acegluer.com.vn
aceland.org
acemusic.com.vn
acerpp.com
acesaigon.com
acesaigonhotel.com
aceso.vn
acfc.com.vn
achau-biomassfuel.com
achau.com.vn
achaufood.com
achipvn.com
acivn.com
acled.com.vn
acln.com.vn
acln.vn
acma.com.vn
acmotor.vn
aconcept.com.vn
aconex.vn
acool.vn
acostones.com
acousticviet.com
acpi.edu.vn
acquavillanhatrang.com
acquybacninh.com
acquybacninh.net
acquyboluudien.com
acquygiare.com
acquyhongphat.com
acquylongbien.com
acquyoto.vn
acquytiasang.com
acquytinhthanh.com
acquyxenang.com.vn
acquyxenanghitachi.com
acr-vietnam.com
acrvietnam.com
acsv.vn
actioncoach.company
actionhealthinc.xyz
actionnow.vn
activate.vn
activation.pro
activelifestyle.com.vn
activelifestyle.vn
activities.longphutourist.vn
actlogistics.com.vn
acttee.com
acura.com.vn
acv.com.vn
acv.vn
ad.edu.vn
ad4vn.com
adagrin.com.vn
adam.edu.vn
adamlambertfcvn.com
adamlambertvietnam.com
adammuzic.com
adams-music.com.vn
adamspa.com.vn
adamsport.net
adapterdaklak.com
adaptordaklak.com
adatphuongnam.com
adatphuongnam.com.vn
adavietnam.com
adayma.vn
adayroi.com.vn
adayroi.site
adayroivn.com
adayrui.com
adbvrm.org.vn
adcelectric-ng.xyz
adchem.com.vn
adcland.com
adcoffee.vn
add-on-development.com
addhanoi.com
addlink.com.vn
adenservices.com.vn
adenservices.vn
adeva.vn
adexchanger.com.vn
adexchanger.vn
adh.com.vn
adhvietnam.com
adhyip.com
adiagri.com.vn
adinluxury.com
aditecco.com
adiva.vn
adlog.123vietnam.vn
adme.vn
admin.iphoneviet.vn
admonsters.com.vn
admore.ilyapps.com
adobe.com.vn
adobecloud.vn
adongdental.com
adongpaint.net
adongsouvenir.xyz
adongthap.com
adongthap.net
adongxn.com
adpl.vn
adr-power.vn
adr.com.vn
adr.vn
adrpay.com
ads.edu.vn
ads.vnstart.com
adsclips.com
adslfpt.com
adtechvietnam.com
adtechvietnam.com.vn
adtechvietnam.net
adtechvietnam.vn
adtimin.com
adtwine.com
adu.edu.vn
adultponyporn.com
adultwebart.com
advantech.com.vn
advice.com.vn
advietnam.vn
adweek.com.vn
adxasia.com
adxasia.net
adxsea.com
adxsea.net
adxtech.net
adxtech.vn
ae.edu.vn
ae1368.com
ae888.top
aect-uda.tech
aeg-home.vn
aegps.com.vn
aegvietnam.vn
aehack.com
aemessage.com
aemhotel.com
aemviz.com
aeon-online.biz
aeon-online.com.vn
aeon-online.net
aeon-online.org
aeon-shop.com
aeon-shopping.biz
aeon-shopping.info
aeon-shopping.net
aeon-shopping.org
aeoneshop.net
aeoneshop.vn
aeononline.biz
aeononline.info
aeononline.net
aeononline.org
aeonshopping.biz
aeonshopping.com
aeonshopping.info
aeonshopping.net
aeonshopping.org
aeroflot-online.com
aerolandtravels.xyz
aev005.com
aevenuse1368.com
aevietnam.net
aex.com.vn
aex.vn
afamchris.xyz
afamedia.net
afavn.net
afcaudit.vn
afcc.com.vn
afchi.com
afcqn.com
affifood.com
affiliates.vn
affimart.net
affwatches.vn
afg.com.vn
afg.vn
afordonzgroup.xyz
afrescariverside.com
afsystem.com.vn
afta.vn
agapevietnam.com
agapevn.com
agapha.vn
agarbattimakingmachine.com
agarelax.com
agarhp.com
agarwood100.com
agasteakhouse.com
agavietnam.com
agc-pu.com
agel-info.com
ageless-stationery.com
agenca-travel.com
agencyzalo.com
agiasu.com
agility.vn
agilitylogistics.com.vn
agk.vn
agnvietnam.com
agplab.com
agramate.com
agribankairline.com
agribankairlines.net
agribankemobilebanking.com
agribankemobilebanking.com.vn
agribankmobilebanking.com
agribankmobilebanking.com.vn
agribankmobilebanking.net
agribankmobilebanking.vn
agrifoodpacific.com
agrifores.com
agrihome.vn
agrimexco.vn
agrimexcocamau.vn
agrinews.com.vn
agritechgoldstar.com
agritechvina.com
agritrades.info
agritrades.net
agrivina.com
agromas.vn
agtini.com
aguhelmet.com
agv-vn.com
agvplus.net
aha-kienxanh.com
ahaha.org
ahangmy.com
ahangmy.net
ahangnhap.com
ahaya.vn
ahayhay.net
ahgv.vn
ahha.vn
ahitek.xyz
ahlogitech.com
ahmlifestyles.com
ahtvietnam.org
ahuphongsach.com
ai.edu.vn
aia-design.com
aibkiengia.com
aicgroup.vn
aidong.com.vn
aids.vn
aie.edu.vn
aig.vn
aiid.com.vn
aikibi.net
aikibi.vn
aikidokids-tenshinkaihanoi.com
aikidotenshinkaihanoi.com
aikomart.com
aikomart.com.vn
ailabhutech.club
ailglobal.net
ailovekids.com
ailvietnam.com
aimacademy.com.vn
aimcontrol.vn
aimcontrolgroup.vn
aimiaodep.com
aimshcm.com
aioi.net.vn
aioi.vn
aiostudio.vn
airao.info
airbnbkcn.com
airbnbnhakho.com
airbubble.vn
airfilter.com.vn
airfilters.com.vn
airfreight.vn
airgogo.asia
airgogo.net
airhousecoffee.com
airlinecloud.net
airlinecloud.vn
airlines.com.vn
airlounge.vn
airmekong.org
airportnewcenter.com
airportvoucher.net
airservices.vn
airticketdl.com
airticketvn.com
aisvietnam.vn
ait-tesol.com
ait-tesol.vn
aite.asia
aitech-group.com
aitranolicvn.com
ajalatravels.xyz
ajctimes.com
akamai.edu.vn
akarabio.com
akari.edu.vn
akaricity-namlong.online
akasa.vn
akatucoffee.com
akaudiology.vn
akbmachinery.com
akenshop.info
akidsstudio.com
akihousevilla.com
akinterior.net
akracingvietnam.com
aksuccessimmigration.com
aksuccessimmigration.net
akt.vn
aku.vn
akulaku.chovaytientoanquoc.com
akura-taiwan.com
akura.asia
akura.us
akura.vn
akuragroup.eu
akzonobelpaint.com
al-formwork.com
aladdincorp.com
alano.company
alaska.edu.vn
alaska.org.vn
alaskamienbac.com
alaskavietnam.com.vn
alaskavn.online
alba.com.vn
albavit.vn
albavitkids.com
albionvietnam.com
albumsaigon.com
alc.com.vn
alcatelsvc.com
alcofood.net
alcoinvietnam.com
alcoland.net
alcomart.net
alcpanel.vn
alcvietnam.com.vn
alcvietnam.vn
alefotowedding.com
alehap.com
alepayvn.com
alessandroluigi.com
alex-wood.com
alexan.com.vn
alexdsing.com
alfagarten.vn
alfastudio.vn
alfredo.vn
alfrescos.vn
ali.edu.vn
alibaba-vn.net
alibabaspa.com
alilaluxury.com
alinguyen.net
alipas.com.vn
alisale.vn
alisangsang.com
alist.com.vn
alivar.com.vn
aliveenglish.com.vn
aliveenglish.net
alladwork.com
allaz.site
allcarebank.com
allcorp.asia
allddc.com
alldocube.com.vn
allin.vn
allink.site
allinone.vn
allinstation.com
allmen.vn
alloke.com
allon4.asia
allon6.info
allon6.net
allsportvietnam.com
alltheway.vn
alltour.vn
alltraveltours.info
almaresort.vn
almaroom.com
almaroom.net
almavinpearl.com
almondsvn.com
aln.com.vn
alo-aloo.com
alo-hotels.com
alo24.vn
aloapartment.com
alobacsitieuduong.com
alobacsytieuduong.com
aloban.net
aloban.vn
alobao.com
alobay247.vn
alobendo.com
alobep.info
alobep.org
alobinhba.com
alobuy.com.vn
alobuy.info
alocafeda.com
alochinhchu.com.vn
alocungmua.com
alocungmua.vn
alodathang.com
alodenled.com
alodi.net
alodiaoc.net
alodiennuoc.com
alodulichviet.xyz
alogas.com.vn
alogiaohang.com
alogiaohang.net
alogoair.com
alogobay.info
alogobay.net
alogobay.org
aloha.com.vn
aloha.vn
alohabeachvillages.info
alohacafe.international
alohahalong.com
alohangxachtay.com
alohatransport.net
alohoa.com
alohoa.net
alohotels.net
alohousenhatrang.com
aloketoanthue.com
alokiddy.vn
alolaptop.com
alomeshop.com
alomicay.com
alomobile.vn
alomuaban.vn
alomuabannhadat.net
alomuabannhadat.org
alomuahang.com
alomuanhanh.com
alomypham.com
alonganhang.com
alonhadat24h.com
alori.com.vn
alosky.com
alotaiwan.com
alotalk.net
alothuexe.net
aloticket.vn
alotoeic.com
alotour.vn
alotourist.com
alotraicay.com
alovemaybay.net
alovieclam.com.vn
alovieclam.vn
alovietnam.vn
alovinhomesgoldenriver.com
alovn.vn
aloxinh.net
alpha-group.vn
alpha-ndt.net
alpha-ndt.vn
alpha.net.vn
alphabe.com.vn
alphabe.vn
alphabetword.com
alphabetword.net
alphaconcept.vn
alphainnovation.vn
alphaking-vietnam.com.vn
alphanam.com
alphanamdiaoc.net
alphatech-vn.com
alphatechcore.com
alphavina.com.vn
alpk2.com
alsealmssealants.com
altamedia.com.vn
alteclansing.com.vn
alterationsuit.com
alterationswilliamstown.com
altis.com.vn
altisss.com
altisss.vn
altusgroup.vn
aluatong.com
alulook.com
alulook.vn
aluminiumformworkforlease.com
alumithai.com
aluv.com.vn
aluviet.com
aluvplus.com.vn
always.sg
alwaysstill.com
alys.vn
alzheimer.vn
alzula.com
am18do.net
amaccao.com
amaccaobrick.com.vn
amadi.vn
ap.edu.vn
apollo.edu.vn
app.edu.vn
apple.edu.vn
as.edu.vn
asia.edu.vn
athena.edu.vn
atlanta.edu.vn
au.edu.vn
auto.edu.vn
az.edu.vn
b.edu.vn
bb.edu.vn
bbs.edu.vn
bds1click.com
bea.edu.vn
beta.edu.vn
bf.edu.vn
bg.edu.vn
bi.edu.vn
biotech.hufi.edu.vn
blog.edu.vn
bm.edu.vn
bnc.edu.vn
bo.edu.vn
boston.edu.vn
bravo.edu.vn
cep.hufi.edu.vn
cfl.hufi.edu.vn
cheme.hufi.edu.vn
chotso123.com
cqm.hufi.edu.vn
danguy.hufi.edu.vn
daotao.hufi.edu.vn
diaocphuthuong.com
doanthanhnien.hufi.edu.vn
docsv.hufi.edu.vn
dpasa.hufi.edu.vn
eee.hufi.edu.vn
egov.hufi.edu.vn
en.hufi.edu.vn
environment.hufi.edu.vn
faf.hufi.edu.vn
fbat.hufi.edu.vn
fgs.hufi.edu.vn
fgtfdf.hufi.edu.vn
findjobs.vn
findtalent.vn
fit.hufi.edu.vn
fmt.hufi.edu.vn
fof.hufi.edu.vn
foodtech.hufi.edu.vn
fp.hufi.edu.vn
fst.edu.vn
gvta.hufi.edu.vn
hufi.edu.vn
iict.hufi.edu.vn
its.hufi.edu.vn
jstf.hufi.edu.vn
khdd.hufi.edu.vn
khtc.hufi.edu.vn
knn.hufi.edu.vn
laptop-new.net
laptopnew.vn
mail.hufi.edu.vn
msivietnam.vn
muabandatsaigon.com
muace.net
nhanvienbanhang.vn
nhontrachlands.com
phongkhamthienphuoc.com
quynhquynhz.com
scip.hufi.edu.vn
sinhvien.hufi.edu.vn
sinhvien.hufi.vn
sinhvientn.hufi.edu.vn
static.findjobs.vn
the1987.vn
thuvien.hufi.edu.vn
thuvien.hufi.vn
tourism.hufi.edu.vn
training.hufi.edu.vn
ttgiaoducphothong.hufi.edu.vn
ttnn.cntp.edu.vn
tuyensinh.cntp.edu.vn
tuyensinh.hufi.edu.vn
tuyensinh.hufi.vn
vieclam.hufi.edu.vn
vn.hufi.edu.vn
www.findjobs.vn
www.findtalent.vn
www.fst.edu.vn
www.hufi.edu.vn
www.laptopnew.vn
www.msivietnam.vn
www.nhanvienbanhang.vn
www.the1987.vn
